// Jest Snapshot v1, https://goo.gl/fbAQLP

exports[`View component should show the items 1`] = `ShallowWrapper {}`;
